Information: Performing power optimization. (PWR-850)
Alib files are up-to-date.
Information: Evaluating DesignWare library utilization. (UISN-27)

============================================================================
| DesignWare Building Block Library  |         Version         | Available |
============================================================================
| Basic DW Building Blocks           | J-2014.09-DWBB_201409.4 |     *     |
| Licensed DW Building Blocks        | J-2014.09-DWBB_201409.4 |     *     |
============================================================================

Information: Sequential output inversion is enabled.  SVF file must be used for formal verification. (OPT-1208)

Information: There are 204 potential problems in your design. Please run 'check_design' for more information. (LINT-99)


Loaded alib file './alib-52/saed32lvt_tt1p05vn40c.db.alib'
Information: Ungrouping hierarchy c before Pass 1 (OPT-776)
Information: Ungrouping hierarchy c/dec before Pass 1 (OPT-776)
Information: Ungrouping hierarchy c/cl before Pass 1 (OPT-776)
Information: Ungrouping hierarchy dp/pcmux before Pass 1 (OPT-776)
Information: Ungrouping hierarchy dp/pcreg before Pass 1 (OPT-776)
Information: Ungrouping hierarchy dp/pcadd1 before Pass 1 (OPT-776)
Information: Ungrouping hierarchy dp/pcadd2 before Pass 1 (OPT-776)
Information: Ungrouping hierarchy dp/ra1mux before Pass 1 (OPT-776)
Information: Ungrouping hierarchy dp/ra2mux before Pass 1 (OPT-776)
Information: Ungrouping hierarchy dp/rf before Pass 1 (OPT-776)
Information: Ungrouping hierarchy dp/resmux before Pass 1 (OPT-776)
Information: Ungrouping hierarchy dp/ext before Pass 1 (OPT-776)
Information: Ungrouping hierarchy dp/sh before Pass 1 (OPT-776)
Information: Ungrouping hierarchy dp/srcbmux before Pass 1 (OPT-776)
Information: Ungrouping hierarchy dp/alu before Pass 1 (OPT-776)
Information: Ungrouping hierarchy c/cl/flagreg1 before Pass 1 (OPT-776)
Information: Ungrouping hierarchy c/cl/flagreg0 before Pass 1 (OPT-776)
Information: Ungrouping hierarchy c/cl/cc before Pass 1 (OPT-776)
Information: Ungrouping 18 of 20 hierarchies before Pass 1 (OPT-775)
Information: State dependent leakage is now switched from on to off.

  Beginning Pass 1 Mapping
  ------------------------
  Processing 'datapath'
 Implement Synthetic for 'datapath'.
Information: Added key list 'DesignWare' to design 'datapath'. (DDB-72)
  Processing 'arm'
 Implement Synthetic for 'arm'.

  Updating timing information
Information: Updating design information... (UID-85)
Information: The library cell 'PMT3_LVT' in the library 'saed32lvt_tt1p05vn40c' is not characterized for internal power. (PWR-536)
Information: The library cell 'PMT2_LVT' in the library 'saed32lvt_tt1p05vn40c' is not characterized for internal power. (PWR-536)
Information: The library cell 'PMT1_LVT' in the library 'saed32lvt_tt1p05vn40c' is not characterized for internal power. (PWR-536)
Information: The library cell 'NMT3_LVT' in the library 'saed32lvt_tt1p05vn40c' is not characterized for internal power. (PWR-536)
Information: The library cell 'NMT2_LVT' in the library 'saed32lvt_tt1p05vn40c' is not characterized for internal power. (PWR-536)
Information: The library cell 'NMT1_LVT' in the library 'saed32lvt_tt1p05vn40c' is not characterized for internal power. (PWR-536)
Information: The target library(s) contains cell(s), other than black boxes, that are not characterized for internal power. (PWR-24)

Threshold voltage group cell usage:
>> saed32cell_lvt 100.00%

  Beginning Mapping Optimizations  (Ultra High effort)
  -------------------------------
Information: Ungrouping hierarchy dp 'datapath' #insts = 5234. (OPT-777)
Information: Added key list 'DesignWare' to design 'arm'. (DDB-72)
  Mapping Optimization (Phase 1)
Information: The register 'c/cl/flagreg0/q_reg[0]' is a constant and will be removed. (OPT-1206)

                                  TOTAL                                                
   ELAPSED            WORST NEG   SETUP    DESIGN                              LEAKAGE 
    TIME      AREA      SLACK     COST    RULE COST         ENDPOINT            POWER  
  --------- --------- --------- --------- --------- ------------------------- ---------
    0:01:01   21839.3      0.69     193.5      27.7                           13299983360.0000
    0:01:01   21839.3      0.69     193.5      27.7                           13299983360.0000
    0:01:01   21839.3      0.69     193.5      27.7                           13299983360.0000
    0:01:01   21839.1      0.69     193.5      27.7                           13299652608.0000
  Re-synthesis Optimization (Phase 1)
  Re-synthesis Optimization (Phase 2)
  Global Optimization (Phase 1)
  Global Optimization (Phase 2)
  Global Optimization (Phase 3)
  Global Optimization (Phase 4)
  Global Optimization (Phase 5)
  Global Optimization (Phase 6)
  Global Optimization (Phase 7)
  Global Optimization (Phase 8)
  Global Optimization (Phase 9)
  Global Optimization (Phase 10)
  Global Optimization (Phase 11)
  Global Optimization (Phase 12)
  Global Optimization (Phase 13)
  Global Optimization (Phase 14)
  Global Optimization (Phase 15)
  Global Optimization (Phase 16)
  Global Optimization (Phase 17)
  Global Optimization (Phase 18)
  Global Optimization (Phase 19)
  Global Optimization (Phase 20)
  Global Optimization (Phase 21)
  Global Optimization (Phase 22)
  Global Optimization (Phase 23)
  Global Optimization (Phase 24)
  Global Optimization (Phase 25)
  Global Optimization (Phase 26)
  Global Optimization (Phase 27)
  Global Optimization (Phase 28)
  Global Optimization (Phase 29)
  Global Optimization (Phase 30)
  Global Optimization (Phase 31)
  Mapping 'arm_DP_OP_99J1_123_8941_3'
  Mapping 'arm_DP_OP_100J1_124_8941_3'
  Mapping 'arm_DP_OP_98J1_122_1120_3'
  Mapping 'arm_DP_OP_99J1_123_8941_4'
    0:02:01   22455.4      0.34     118.1     229.2                           11970513920.0000



  Beginning Delay Optimization Phase
  ----------------------------------

                                  TOTAL                                                
   ELAPSED            WORST NEG   SETUP    DESIGN                              LEAKAGE 
    TIME      AREA      SLACK     COST    RULE COST         ENDPOINT            POWER  
  --------- --------- --------- --------- --------- ------------------------- ---------
    0:02:01   22455.4      0.34     118.1     229.2                           11970513920.0000
    0:02:03   22456.9      0.34     116.7      60.2                           11909017600.0000
    0:02:50   23583.5      0.18      68.6     107.6                           12554445824.0000
    0:02:50   23583.5      0.18      68.6     107.6                           12554445824.0000
    0:02:51   23585.3      0.17      65.5     104.7                           12573148160.0000
    0:02:51   23585.3      0.17      65.5     104.7                           12573148160.0000
    0:04:30   24574.8      0.13      47.5     173.6                           13037904896.0000
    0:04:30   24574.8      0.13      47.5     173.6                           13037904896.0000
    0:04:48   24661.7      0.10      34.6     191.1                           13216295936.0000
    0:04:48   24661.7      0.10      34.6     191.1                           13216295936.0000
    0:05:55   24799.9      0.09      32.2     194.9                           13304326144.0000

Threshold voltage group cell usage:
>> saed32cell_lvt 100.00%

  Beginning Delay Optimization
  ----------------------------
    0:05:58   24793.9      0.09      30.5     194.9                           13308407808.0000
    0:06:17   24857.4      0.07      24.5     195.0                           13427325952.0000
    0:06:17   24857.4      0.07      24.5     195.0                           13427325952.0000
    0:06:27   24889.9      0.07      24.4     195.1                           13459317760.0000
    0:06:28   24887.3      0.07      24.1     195.1                           13461472256.0000
    0:06:59   24913.7      0.07      22.7     193.9                           13510343680.0000
    0:06:59   24913.7      0.07      22.7     193.9                           13510343680.0000
    0:07:16   24939.7      0.07      22.3     194.0                           13537931264.0000


  Beginning Design Rule Fixing  (max_transition)  (max_capacitance)
  ----------------------------

                                  TOTAL                                                
   ELAPSED            WORST NEG   SETUP    DESIGN                              LEAKAGE 
    TIME      AREA      SLACK     COST    RULE COST         ENDPOINT            POWER  
  --------- --------- --------- --------- --------- ------------------------- ---------
    0:07:17   24939.7      0.07      22.3     194.0                           13537931264.0000
  Global Optimization (Phase 32)
  Global Optimization (Phase 33)
  Global Optimization (Phase 34)
    0:07:25   24946.4      0.06      19.7       0.0 dp/rf/rf_reg[12][31]/D    13602176000.0000
    0:07:31   25008.3      0.05      16.7       0.0 dp/rf/rf_reg[4][23]/D     13661198336.0000
    0:07:37   25013.9      0.05      15.6       0.0                           13690766336.0000
    0:11:15   26145.2      0.02       4.4      29.3                           14141496320.0000

                                  TOTAL                                                
   ELAPSED            WORST NEG   SETUP    DESIGN                              LEAKAGE 
    TIME      AREA      SLACK     COST    RULE COST         ENDPOINT            POWER  
  --------- --------- --------- --------- --------- ------------------------- ---------
    0:11:15   26145.2      0.02       4.4      29.3                           14141496320.0000
    0:11:19   26126.3      0.02       4.2      31.2                           14139229184.0000

Threshold voltage group cell usage:
>> saed32cell_lvt 100.00%


  Beginning Leakage Power Optimization  (max_leakage_power 0)
  ------------------------------------

                                  TOTAL                                                
   ELAPSED            WORST NEG   SETUP    DESIGN                              LEAKAGE 
    TIME      AREA      SLACK     COST    RULE COST         ENDPOINT            POWER  
  --------- --------- --------- --------- --------- ------------------------- ---------
    0:11:25   26053.3      0.02       4.1      30.7                           14106247168.0000
  Global Optimization (Phase 35)
  Global Optimization (Phase 36)
  Global Optimization (Phase 37)
  Global Optimization (Phase 38)
  Global Optimization (Phase 39)
  Global Optimization (Phase 40)
  Global Optimization (Phase 41)
  Global Optimization (Phase 42)
  Global Optimization (Phase 43)
  Global Optimization (Phase 44)
  Global Optimization (Phase 45)
  Global Optimization (Phase 46)
  Global Optimization (Phase 47)
  Global Optimization (Phase 48)
  Global Optimization (Phase 49)
  Global Optimization (Phase 50)
  Global Optimization (Phase 51)
  Global Optimization (Phase 52)
  Global Optimization (Phase 53)
  Global Optimization (Phase 54)
    0:12:29   24467.1      0.01       1.4       0.0                           13036376064.0000
    0:13:21   24752.4      0.01       0.2      28.3                           13212969984.0000
    0:13:22   24740.2      0.00       0.2      25.1                           13174647808.0000
    0:13:25   24740.2      0.00       0.2      25.1                           13174647808.0000
    0:13:25   24740.2      0.00       0.2      25.1                           13174647808.0000
    0:13:25   24740.2      0.00       0.2      25.1                           13174647808.0000
    0:13:25   24740.2      0.00       0.2      25.1                           13174647808.0000
    0:13:29   24740.2      0.00       0.2      25.1                           13174647808.0000
    0:13:29   24740.2      0.00       0.2      25.1                           13174647808.0000
    0:13:33   24751.1      0.00       0.0      25.3                           13212840960.0000
    0:13:33   24751.1      0.00       0.0      25.3                           13212840960.0000
    0:13:33   24751.1      0.00       0.0      25.3                           13212840960.0000
    0:13:33   24751.1      0.00       0.0      25.3                           13212840960.0000
    0:13:33   24751.1      0.00       0.0      25.3                           13212840960.0000
    0:13:33   24751.1      0.00       0.0      25.3                           13212840960.0000
    0:13:33   24751.1      0.00       0.0      25.3                           13212840960.0000
    0:13:33   24751.1      0.00       0.0      25.3                           13212840960.0000
    0:13:33   24751.1      0.00       0.0      25.3                           13212840960.0000
    0:13:33   24751.1      0.00       0.0      25.3                           13212840960.0000
    0:13:33   24751.1      0.00       0.0      25.3                           13212840960.0000

                                  TOTAL                                                
   ELAPSED            WORST NEG   SETUP    DESIGN                              LEAKAGE 
    TIME      AREA      SLACK     COST    RULE COST         ENDPOINT            POWER  
  --------- --------- --------- --------- --------- ------------------------- ---------
    0:13:34   24751.1      0.00       0.0      25.3                           13212840960.0000
    0:13:38   24821.6      0.09      26.9       1.2                           12289143808.0000
    0:13:52   24691.5      0.03       7.0       1.2                           12451690496.0000
    0:13:54   24675.6      0.03       7.0       1.2                           12447323136.0000
    0:14:12   24700.4      0.02       3.7       9.9 dp/rf/rf_reg[13][30]/D    12577283072.0000
    0:14:24   24735.9      0.01       1.6       9.9 dp/rf/rf_reg[13][30]/D    12676097024.0000
    0:14:31   24745.3      0.01       0.9       0.0                           12701599744.0000
    0:14:36   24764.2      0.00       0.0       0.1                           12756359168.0000
    0:14:44   24683.9      0.00       0.0       0.0                           12428791808.0000
Loading db file '/users/ugrad2/2012/spring/pooriam/libraries/saed32lvt_tt1p05vn40c.db'
Loading db file '/users/ugrad2/2012/spring/pooriam/libraries/saed32sram_tt1p05vn40c.db'


Note: Symbol # after min delay cost means estimated hold TNS across all active scenarios 


  Optimization Complete
  ---------------------
Information: State dependent leakage is now switched from off to on.
Information: Propagating switching activity (low effort zero delay simulation). (PWR-6)
1
